[archievents.in/index.html]
[backblue.gif]
[fade.gif]
[index.html]
[archievents.in/comments/feed/index.html]
[archievents.in/wp-includes/js/jquery/jquery.minf43b.js]
[archievents.in/feed/index.html]
[archievents.in/wp-includes/js/jquery/jquery-migrate.min5589.js]
[archievents.in/wp-content/plugins/keydesign-addon/assets/js/jquery.easing.min6c2d.js]
[archievents.in/wp-content/plugins/keydesign-addon/assets/js/owl.carousel.min6c2d.js]
[archievents.in/wp-content/plugins/keydesign-addon/assets/js/jquery.appear6c2d.js]
[archievents.in/wp-content/plugins/keydesign-addon/assets/js/kd_addon_script6c2d.js]
[archievents.in/wp-content/plugins/keydesign-addon/assets/js/jquery.easytabs.min6c2d.js]
[archievents.in/wp-json/wp/v2/pages/8872.json]
[archievents.in/wp-json/index.html]
[archievents.in/xmlrpc0db0.php]
[archievents.in/wp-json/oembed/1.0/embed95cd.json]
[archievents.in/wp-json/oembed/1.0/embedaa67]
[archievents.in/wp-content/uploads/2020/11/cropped-ajdhasj-32x32.png]
[archievents.in/wp-content/uploads/2020/11/cropped-ajdhasj-192x192.png]
[archievents.in/wp-content/uploads/2020/11/cropped-ajdhasj-180x180.png]
[archievents.in/wp-content/uploads/2020/10/SON_7711_edited-min1_ef7234d62c8ce495871a9ba9ff7dfeb9569d.jpg]
[archievents.in/instagram]
[archievents.in/google]
[archievents.in/whatsapp]
[archievents.in/facebook-f]
[archievents.in/wp-content/uploads/2020/10/ARCHIE-EVENT020.png]
[archievents.in/wp-content/uploads/2020/10/service-main10-1_4edb1cc40e84631f2d49344c7f9370e4.jpg]
[archievents.in/wp-content/uploads/2020/10/mehendi_edited_bee3b11fef95168e9880045afbca3fba.jpg]
[archievents.in/weddings/index.html]
[archievents.in/services/index.html]
[archievents.in/about-us/index.html]
[archievents.in/wp-content/uploads/2020/10/Untitled-3_edited-1-1_a838495f5f66c32659ff0a02763876d8.jpg]
[archievents.in/corporate-event/index.html]
[archievents.in/wp-content/uploads/2020/10/IMG_8019_edited-1_c6a8d62e5af0ed680f4866cec91fba27.jpg]
[archievents.in/social-event/index.html]
[archievents.in/wp-content/uploads/2020/10/DSC09152_edited-1536x1024-1_29f50d624b2c996dc0df223474ec7141.jpg]
[archievents.in/wp-content/uploads/2020/10/Banquet-Decoration-25-Park-Classic_edited-1_4bc455e0f98ddfd51ffdb43843045bc8.jpg]
[archievents.in/wp-content/uploads/2020/10/63_8d1e628d66c5c03b115e58327060fe43.jpg]
[archievents.in/political-events/index.html]
[archievents.in/wp-content/uploads/2020/10/f16062656_edited-1_99a6afbab66c59669907380fc0a5831b.jpg]
[archievents.in/sangeet/index.html]
[archievents.in/mehandi/index.html]
[archievents.in/wp-content/uploads/2020/10/IMG_6341.jpg]
[archievents.in/marriage-anniversary/index.html]
[archievents.in/birthday-celebration/index.html]
[archievents.in/wp-content/uploads/2020/10/IMG_20171213_204307_edited1_12142b10baa8b9818c7f3a73a2fa9c71.jpg]
[archievents.in/retirement-party/index.html]
[archievents.in/hospitality-logistics-and-security-services/index.html]
[archievents.in/wp-content/uploads/2020/10/SON_7639_edited_4c47ecca44daaaa4ca85f07178f8eb6c.jpg]
[archievents.in/photography/index.html]
[archievents.in/wp-content/uploads/2020/10/5F4A6919_07e5c61aa28adea82fa5077f7606ebf8.jpg]
[archievents.in/catering/index.html]
[archievents.in/inaugrautions/index.html]
[archievents.in/wp-content/uploads/2020/10/DSC_4356_edited_5a1d093621620611118f2a531da6f6af.jpg]
[archievents.in/wp-content/uploads/2020/10/DSC_0344_edited_db8b03c749107bdbb5c2b59b0bf6c874.jpg]
[archievents.in/strong-management/index.html]
[archievents.in/wp-content/uploads/2020/10/66_edited_77d653c1e42ff5fc90172b78d201cc8f.jpg]
[archievents.in/general-queries/index.html]
[archievents.in/wp-content/uploads/2020/10/DSC_8529_edited_741a02232d59ce0b33786927c512f196.jpg]
[archievents.in/wp-content/uploads/2020/10/indianwedding-1536x1024-1_d8e2230891186611d2e2b07c8ba1240f.jpg]
[archievents.in/wp-content/uploads/2020/10/dgstgf-1_f6b1fd3c25c58ddac98a65fefd1f5836.jpg]
[archievents.in/wp-content/uploads/2020/10/DSC07256_edited-1_16c91045e40550d276bedbb6250a7400.jpg]
[archievents.in/wp-content/uploads/2020/10/Picture-180_edited-1_38ee5b03ed0f029e83771b0795066c4b.jpg]
[archievents.in/wp-content/uploads/2020/10/sangeet3_edited-1_e279d6167f83c9810c4ca3b1851b1e49.jpg]
[archievents.in/wp-content/uploads/2020/10/Shopzters.wedding-affair-1_decd19088d2b0d1748903aef2fa4fbcd.jpg]
[archievents.in/wp-content/uploads/2020/10/153952-Jayaram-Sujani-Highlights-111_edited-1_3fa06bb5dfd5a81530171e6f359cc3c3-1.jpg]
[archievents.in/wp-content/uploads/2020/10/5F4A6824_edited-1_c558ea10f0c12f91de5ddf41d483f1e4.jpg]
[archievents.in/wp-content/uploads/2020/10/hqdefault_8ae4ea50fffc4088c3cc9ef70c59a5e4.jpg]
[archievents.in/wp-content/uploads/2020/10/4_edited-1-1_6f672ec139ff1c272dec89529d6298e6.jpg]
[archievents.in/wp-content/uploads/2020/10/r10_2x_the-ashish-garg-jaipur-fort-jal-mahal_edite_586a6be9461193f4adac0e38e7f68ec7.jpg]
[archievents.in/contact-us/index.html]
[archievents.in/wp-content/uploads/2020/10/14e5de4a-4dde-4bf5-9023-a582c874aba3_edited-1_494f761ddc6300ae6372ddc6d3abe3a4.jpg]
[archievents.in/wp-content/uploads/2020/10/Rq-1_358e06d8cdc353cac75e259b08524638.jpg]
[archievents.in/wp-content/uploads/2020/10/Plastic_52f5f06807135c8c060847eb747d9b1b.png]
[archievents.in/wp-content/uploads/2020/10/Rotary_c00e061ff80ac9a02e7106bd1bb09fe9.png]
[archievents.in/wp-content/uploads/2020/10/Santoor_40f233ec549286907877df7534a53c6d.png]
[archievents.in/wp-content/uploads/2020/10/Umang_2db658b069c0b827f3ecc513883d0fbf.png]
[archievents.in/wp-content/uploads/2020/10/Videon_a81eb242b92bbbe09631fcf962d41ee4.png]
[archievents.in/wp-content/uploads/2020/10/Wipro_e77c00fc93d0b959ded23198aca68f10.png]
[archievents.in/wp-content/uploads/2020/10/Yug_73b5c1cc1986d4e74647ff6cf50a1989.png]
[archievents.in/wp-content/uploads/2020/10/Aanch_7b2b206bd32e1162243fed52f3b9b1c4.png]
[archievents.in/wp-content/uploads/2020/10/Akshya_a3e4e1950b02d20fdb74bac3aece9aff.png]
[archievents.in/wp-content/uploads/2020/10/American-Bond_1c43247e3151b5f0e9ad98db55188db1.png]
[archievents.in/wp-content/uploads/2020/10/Bencardo_b7d9f0e9655ea49b401eb387037ca5b5.png]
[archievents.in/wp-content/uploads/2020/10/Bonanza_8fbb1dae7647e26a0827974a3ea7ba9d.png]
[archievents.in/wp-content/uploads/2020/10/CK_02ecad06100cf7b503d143144d8e59c1.png]
[archievents.in/wp-content/uploads/2020/10/Corporation-Bank_45c5b94cd6760a72e220caaac04ba269.png]
[archievents.in/wp-content/uploads/2020/10/Dermacian_43e324c18801901ba46c57b1b9211dec.png]
[archievents.in/wp-content/uploads/2020/10/Gurupragya_bf26c455e28307e99217851817e15ece.png]
[archievents.in/wp-content/uploads/2020/10/Hard_51d4711eed9e2236f2dbc76cc6a8036e.png]
[archievents.in/wp-content/uploads/2020/10/hardwyn_29f68ddc3dc7eb923f6e2bbfe198092b.png]
[archievents.in/wp-content/uploads/2020/10/JIT_7ba43551bbf2308afd972ca255f4d941.png]
[archievents.in/wp-content/uploads/2020/10/Khandelwal_3c4df27874cc7a106013024f43eae149.png]
[archievents.in/wp-content/uploads/2020/10/Liftwell_4818fc292eeda8dad291cada52b223d4.png]
[archievents.in/wp-content/uploads/2020/10/LT_ae1527a67eb889364bc014a1efcca2b6.png]
[archievents.in/wp-content/uploads/2020/10/LUX_ee4bd7e5fe8f27ee6bba8c0352b617e7.png]
[archievents.in/wp-content/uploads/2020/10/mahatma-Gandhi_5937e48e300b36d6bea095bbdca89016.png]
[archievents.in/wp-content/uploads/2020/10/Mahindra_5c4d1d1308e184889edf683a0eded015.png]
[archievents.in/wp-content/uploads/2020/10/MNIT_28755bbf9086a1993e1a5b1fd6ae7e9c.png]
[archievents.in/wp-content/uploads/2020/10/NPP_6796ce344a57a6f6ffc33149d38f3e88.png]
[archievents.in/wp-content/uploads/2020/10/OP-Sharma_bde5928fb77da9153700d588afc9e580.png]
[archievents.in/wp-content/uploads/2020/10/Parnami_da8ddd728e3ddc3e89db6f5b8a8c0959.png]
[archievents.in/wp-content/uploads/2020/10/ARCHIE-EVENT020-2.png]
[archievents.in/wp-content/uploads/2020/10/abstract-beautiful-wave-background_1055-7125.jpg]
[archievents.in/wp-includes/js/dist/hooks.min4fdd.js]
[archievents.in/wp-includes/js/dist/i18n.minc33c.js]
[archievents.in/wp-content/plugins/contact-form-7/includes/swv/js/index6a4d.js]
[archievents.in/wp-content/plugins/contact-form-7/includes/js/index6a4d.js]
[archievents.in/wp-content/plugins/keydesign-addon/assets/js/photoswipe.min6c2d.js]
[archievents.in/wp-content/plugins/keydesign-addon/assets/js/photoswipe-ui-default.min6c2d.js]
[archievents.in/wp-content/plugins/revslider/sr6/assets/js/rbtools.minefd5.js]
[archievents.in/wp-content/plugins/revslider/sr6/assets/js/rs6.minefd5.js]
[archievents.in/wp-content/plugins/duracelltomi-google-tag-manager/dist/js/gtm4wp-form-move-tracker2c73.js]
[archievents.in/wp-content/plugins/mojo-marketplace-wp-plugin/vendor/newfold-labs/wp-module-performance/build/image-lazy-loader.min939e.js]
[archievents.in/index.html]
[archievents.in/xmlrpc.php]
[archievents.in/wp-includes/css/dist/block-library/style.min6c2d.css]
[archievents.in/wp-content/plugins/contact-form-7/includes/css/styles6a4d.css]
[archievents.in/wp-content/themes/ekko/core/assets/css/bootstrap.mindc8c.css]
[archievents.in/wp-content/themes/ekko/styledc8c.css]
[archievents.in/wp-content/plugins/keydesign-addon/assets/css/kd_vc_front6c2d.css]
[archievents.in/wp-content/plugins/keydesign-addon/assets/css/photoswipe6c2d.css]
[archievents.in/wp-content/plugins/keydesign-addon/assets/css/photoswipe-default-skin6c2d.css]
[archievents.in/wp-content/plugins/wpforms-lite/assets/css/frontend/classic/wpforms-full.mine4b2.css]
[archievents.in/wp-content/plugins/redux-framework/redux-core/inc/extensions/social_profiles/social_profiles/css/field_social_profiles_frontendb981.css]
[archievents.in/wp-content/themes/ekko/core/assets/css/ekko-fontdc8c.css]
[archievents.in/wp-content/plugins/js_composer/assets/css/js_composer.min7035.css]
[archievents.in/wp-content/plugins/keydesign-addon/assets/css/font-awesome.min6c2d.css]
[archievents.in/wp-content/plugins/redux-framework/redux-core/assets/font-awesome/css/v4-shims.mine63c.css]
[www.googletagmanager.com/gtm5445.html]
[archievents.in/instagram.html]
[archievents.in/google.html]
[archievents.in/whatsapp.html]
[archievents.in/facebook-f.html]
[archievents.in/wp-content/uploads/2020/10/OP-Sharma_bde5928fb77da9153700d588afc9e580-1_b1a4d1da3ab24899d978aeb60ec0a032.png]
[archievents.in/wp-content/uploads/2020/10/Parnami_da8ddd728e3ddc3e89db6f5b8a8c0959-1_64b427ed6b4feb318525b9afadc42af8.png]
[archievents.in/wp-content/uploads/2020/10/Plastic_52f5f06807135c8c060847eb747d9b1b-1_d8bd68c3166ae0f8bbe4f33a432cf9b9.png]
[archievents.in/wp-content/uploads/2020/10/Rotary_c00e061ff80ac9a02e7106bd1bb09fe9-1_669affcd2e06f0a08da40f9ea6e4aac6.png]
[archievents.in/wp-content/uploads/2020/10/Santoor_40f233ec549286907877df7534a53c6d-1_c77de547e326ccf46057efea51e260f9.png]
[archievents.in/wp-content/uploads/2020/10/Umang_2db658b069c0b827f3ecc513883d0fbf-1_e888400304bc596666b13680a2b031dd.png]
[archievents.in/wp-content/uploads/2020/10/Videon_a81eb242b92bbbe09631fcf962d41ee4-1_7786940818b4615294a4a7440a5c1100.png]
[archievents.in/wp-content/uploads/2020/10/Wipro_e77c00fc93d0b959ded23198aca68f10-1_d2fea28f0a011c6ce965b11fa83ae25b.png]
[archievents.in/wp-content/uploads/2020/10/Yug_73b5c1cc1986d4e74647ff6cf50a1989-1_05d87009173e97a87c7ed463a0cd27fb.png]
[archievents.in/wp-content/uploads/2020/10/Aanch_7b2b206bd32e1162243fed52f3b9b1c4-1_8d33d8d80f500732988e9c17ea345cab.png]
[archievents.in/wp-content/uploads/2020/10/Akshya_a3e4e1950b02d20fdb74bac3aece9aff-1_cb888bfce69de6219b5443546c7d8694.png]
[archievents.in/wp-content/uploads/2020/10/American-Bond_1c43247e3151b5f0e9ad98db55188db1-1_b1c70c68f86b35f167108b7161708386.png]
[archievents.in/wp-content/uploads/2020/10/Bencardo_b7d9f0e9655ea49b401eb387037ca5b5-1_c85e05b37e2d348e49730c9763177d10.png]
[archievents.in/wp-content/uploads/2020/10/Bonanza_8fbb1dae7647e26a0827974a3ea7ba9d-1_1e0d09d9aec0c0a55bab5b7915899a8d.png]
[archievents.in/wp-content/uploads/2020/10/CK_02ecad06100cf7b503d143144d8e59c1-1_992e3bf6db55aacc776278834f4b5ada.png]
[archievents.in/wp-content/uploads/2020/10/Corporation-Bank_45c5b94cd6760a72e220caaac04ba269-_56adb6a70d69e25d817c96c8d456080c.png]
[archievents.in/wp-content/uploads/2020/10/Dermacian_43e324c18801901ba46c57b1b9211dec-1_fbfdd7bd04aa3db755bd69071be67a6a.png]
[archievents.in/wp-content/uploads/2020/10/Gurupragya_bf26c455e28307e99217851817e15ece-1_3167110409ea234592648db2200becbd.png]
[archievents.in/wp-content/uploads/2020/10/Hard_51d4711eed9e2236f2dbc76cc6a8036e-1_32b9137af8c1d792a80a0380aaa348e1.png]
[archievents.in/wp-content/uploads/2020/10/hardwyn_29f68ddc3dc7eb923f6e2bbfe198092b-1_dcb920fb8813f71075c1f4492dc90b05.png]
[archievents.in/wp-content/uploads/2020/10/JIT_7ba43551bbf2308afd972ca255f4d941-1_dfe07c853725eb5b8e33335fa7c0ae34.png]
[archievents.in/wp-content/plugins/keydesign-addon/assets/js/kd_progressbar6c2d.js]
[archievents.in/about-us/index.html]
[archievents.in/wp-json/wp/v2/pages/7560.json]
[archievents.in/wp-json/oembed/1.0/embed54ea.json]
[archievents.in/wp-json/oembed/1.0/embed5bc7]
[archievents.in/wp-content/uploads/2020/09/260164f8c0.jpg]
[archievents.in/services/instagram]
[archievents.in/services/google]
[archievents.in/services/whatsapp]
[archievents.in/services/facebook-f]
[archievents.in/wp-content/uploads/2020/10/1540896931.jpg]
[archievents.in/wp-content/uploads/2020/10/13-Amber-Resort_edited.jpg]
[archievents.in/wp-content/uploads/2020/10/IMG_8191_edited.jpg]
[archievents.in/wp-content/uploads/2020/09/2-1024x682.jpg]
[archievents.in/wp-content/uploads/2020/09/2.jpg]
[archievents.in/wp-content/uploads/2020/10/Picture-180_edited-1024x768.jpg]
[archievents.in/wp-content/uploads/2020/10/Picture-180_edited.jpg]
[archievents.in/wp-content/uploads/2020/10/sangeet3_edited.jpg]
[archievents.in/wp-content/uploads/2020/10/54-Mehandi_edited.jpg]
[archievents.in/wp-content/uploads/2020/10/0de4076ad286a64727a2692cc0044420_edited.jpg]
[archievents.in/wp-content/uploads/2020/09/Main-Gate-1-A_edited-scaled.jpg]
[archievents.in/wp-content/uploads/2020/10/DSC08315_edited.jpg]
[archievents.in/wp-content/uploads/2020/10/5c1211381f0000190826947b.jpg]
[archievents.in/wp-content/uploads/2020/10/b9c97b34cd393742567942604bfc8863.jpg]
[archievents.in/wp-content/uploads/2020/10/jhfjg.jpg]
[archievents.in/wp-content/uploads/2020/10/Rq.jpg]
[archievents.in/services/index.html]
[archievents.in/pages/contact-minimal-final-2/index.html]
[archievents.in/wp-json/wp/v2/pages/8347.json]
[archievents.in/wp-json/oembed/1.0/embed33b9.json]
[archievents.in/wp-json/oembed/1.0/embeddac1]
[archievents.in/wp-content/uploads/2020/10/35_edited14612.jpg]
[archievents.in/weddings/instagram]
[archievents.in/weddings/google]
[archievents.in/weddings/whatsapp]
[archievents.in/weddings/facebook-f]
[archievents.in/wp-content/uploads/2020/10/3-2-1024x678.jpg]
[archievents.in/wp-content/uploads/2020/10/IMG-20200909-WA0170_edited.jpg]
[archievents.in/wp-content/uploads/2020/10/28.jpg]
[archievents.in/wp-content/uploads/2020/10/2-1.jpg]
[archievents.in/weddings/index.html]
[archievents.in/wp-json/wp/v2/pages/8335.json]
[archievents.in/wp-json/oembed/1.0/embed6c87.json]
[archievents.in/wp-json/oembed/1.0/embed5306]
[archievents.in/wp-content/uploads/2020/10/2-2697d.jpg]
[archievents.in/corporate-event/instagram]
[archievents.in/corporate-event/google]
[archievents.in/corporate-event/whatsapp]
[archievents.in/corporate-event/facebook-f]
[archievents.in/wp-content/uploads/2020/10/Stage-Backdrop-with-02-Screen-Modi_edited-1024x768.jpg]
[archievents.in/wp-content/uploads/2020/10/Stage-Backdrop-with-02-Screen-Modi_edited-1000x600.jpg]
[archievents.in/wp-content/uploads/2020/10/DSC_0918_edited-1024x678.jpg]
[archievents.in/wp-content/uploads/2020/10/DSC_0918_edited.jpg]
[archievents.in/wp-content/uploads/2020/10/IMG_8275_edited-1024x683.jpg]
[archievents.in/wp-content/uploads/2020/10/IMG_8275_edited-scaled-1200x825.jpg]
[archievents.in/corporate-event/index.html]
[archievents.in/wp-json/wp/v2/pages/8170.json]
[archievents.in/wp-json/oembed/1.0/embed28b2.json]
[archievents.in/wp-json/oembed/1.0/embeda568]
[archievents.in/wp-content/uploads/2020/10/1-3-12e04.jpg]
[archievents.in/social-event/instagram]
[archievents.in/social-event/google]
[archievents.in/social-event/whatsapp]
[archievents.in/social-event/facebook-f]
[archievents.in/wp-content/uploads/2020/10/DSC04840_edited-1024x683.jpg]
[archievents.in/wp-content/uploads/2020/10/DSC04840_edited-1200x700.jpg]
[archievents.in/wp-content/uploads/2020/10/DSC06384-1024x683.jpg]
[archievents.in/wp-content/uploads/2020/10/DSC06384-1200x700.jpg]
[archievents.in/wp-content/uploads/2020/10/DSC09934_edited-1024x683.jpg]
[archievents.in/wp-content/uploads/2020/10/DSC09934_edited.jpg]
[archievents.in/wp-content/uploads/2020/10/DSC_1538_edited-1024x678.jpg]
[archievents.in/wp-content/uploads/2020/10/DSC_1538_edited.jpg]
[archievents.in/social-event/index.html]
[archievents.in/wp-json/wp/v2/pages/8186.json]
[archievents.in/wp-json/oembed/1.0/embed04d8.json]
[archievents.in/wp-json/oembed/1.0/embed9fd9]
[archievents.in/wp-content/uploads/2020/10/Edited-photo1463148_585528364836386_390233478_n_edited-gigapixelcbf2.jpg]
[archievents.in/political-events/instagram]
[archievents.in/political-events/google]
[archievents.in/political-events/whatsapp]
[archievents.in/political-events/facebook-f]
[archievents.in/wp-content/uploads/2020/10/Picture-448_edited-1024x768.jpg]
[archievents.in/wp-content/uploads/2020/10/Picture-448_edited-600x400.jpg]
[archievents.in/wp-content/uploads/2020/10/Picture-014_edited-1-1024x768.jpg]
[archievents.in/wp-content/uploads/2020/10/Picture-014_edited-1-500x300.jpg]
[archievents.in/wp-content/uploads/2020/10/IMG_20190126_160729_edited-1500x1000.jpg]
[archievents.in/political-events/index.html]
[archievents.in/wp-json/wp/v2/pages/8225.json]
[archievents.in/wp-json/oembed/1.0/embede361.json]
[archievents.in/wp-json/oembed/1.0/embed64f0]
[archievents.in/wp-content/uploads/2020/10/1-2-1ce1b.jpg]
[archievents.in/sangeet/instagram]
[archievents.in/sangeet/google]
[archievents.in/sangeet/whatsapp]
[archievents.in/sangeet/facebook-f]
[archievents.in/wp-content/uploads/2020/10/2-1024x678.jpg]
[archievents.in/wp-content/uploads/2020/10/2-1000x600.jpg]
[archievents.in/wp-content/uploads/2020/10/3-1.jpg]
[archievents.in/wp-content/uploads/2020/10/4-1200x825.jpg]
[archievents.in/sangeet/index.html]
[archievents.in/wp-json/wp/v2/pages/8451.json]
[archievents.in/wp-json/oembed/1.0/embedcd90.json]
[archievents.in/wp-json/oembed/1.0/embedda80]
[archievents.in/wp-content/uploads/2020/10/mnb-1b937.jpg]
[archievents.in/mehandi/instagram]
[archievents.in/mehandi/google]
[archievents.in/mehandi/whatsapp]
[archievents.in/mehandi/facebook-f]
[archievents.in/wp-content/uploads/2020/10/wge.jpg]
[archievents.in/wp-content/uploads/2020/10/wge-450x450.jpg]
[archievents.in/wp-content/uploads/2020/10/Screenshot_20200303_184111_edited.jpg]
[archievents.in/wp-content/uploads/2020/10/Screenshot_20200303_184111_edited-400x400.jpg]
[archievents.in/wp-content/uploads/2020/10/sgh.jpg]
[archievents.in/mehandi/index.html]
[archievents.in/wp-json/wp/v2/pages/8464.json]
[archievents.in/wp-json/oembed/1.0/embed618a.json]
[archievents.in/wp-json/oembed/1.0/embedce1b]
[archievents.in/wp-content/uploads/2020/10/0de4076ad286a64727a2692cc0044420_edited-10cdc.jpg]
[archievents.in/marriage-anniversary/instagram]
[archievents.in/marriage-anniversary/google]
[archievents.in/marriage-anniversary/whatsapp]
[archievents.in/marriage-anniversary/facebook-f]
[archievents.in/wp-content/uploads/2020/10/153952-Jayaram-Sujani-Highlights-111_edited.jpg]
[archievents.in/wp-content/uploads/2020/10/K-29-F_edited.jpg]
[archievents.in/wp-content/uploads/2020/10/IMG20170306182823_edited.jpg]
[archievents.in/marriage-anniversary/index.html]
[archievents.in/wp-json/wp/v2/pages/8079.json]
[archievents.in/wp-json/oembed/1.0/embed8046.json]
[archievents.in/wp-json/oembed/1.0/embed633f]
[archievents.in/wp-content/uploads/2020/10/DSC_8772_edited-min-scaled995c.jpg]
[archievents.in/birthday-celebration/instagram]
[archievents.in/birthday-celebration/google]
[archievents.in/birthday-celebration/whatsapp]
[archievents.in/birthday-celebration/facebook-f]
[archievents.in/wp-content/uploads/2020/10/DSC_9126_edited-min-1024x684.jpg]
[archievents.in/wp-content/uploads/2020/10/Banquet-Decoration-25-Park-Classic-1-1024x768.jpg]
[archievents.in/wp-content/uploads/2020/10/Banquet-Decoration-25-Park-Classic-1.jpg]
[archievents.in/wp-content/uploads/2020/10/IMG-20180804-WA0036_edited.jpg]
[archievents.in/birthday-celebration/index.html]
[archievents.in/wp-json/wp/v2/pages/8253.json]
[archievents.in/wp-json/oembed/1.0/embede822.json]
[archievents.in/wp-json/oembed/1.0/embed8f64]
[archievents.in/wp-content/uploads/2020/10/DSC08316ec56.jpg]
[archievents.in/retirement-party/instagram]
[archievents.in/retirement-party/google]
[archievents.in/retirement-party/whatsapp]
[archievents.in/retirement-party/facebook-f]
[archievents.in/wp-content/uploads/2020/10/1-5-1024x768.jpg]
[archievents.in/wp-content/uploads/2020/10/1-5-1200x800.jpg]
[archievents.in/wp-content/uploads/2020/10/1qwe.jpg]
[archievents.in/wp-content/uploads/2020/10/g-m-of-n-e-railway_edited.jpg]
[archievents.in/retirement-party/index.html]
[archievents.in/wp-json/wp/v2/pages/8217.json]
[archievents.in/wp-json/oembed/1.0/embede1e7.json]
[archievents.in/wp-json/oembed/1.0/embeda049]
[archievents.in/wp-content/uploads/2020/10/5c1211381f0000190826947b39e4.jpg]
[archievents.in/hospitality-logistics-and-security-services/instagram]
[archievents.in/hospitality-logistics-and-security-services/google]
[archievents.in/hospitality-logistics-and-security-services/whatsapp]
[archievents.in/hospitality-logistics-and-security-services/facebook-f]
[archievents.in/wp-content/uploads/2020/10/Darban-2.jpg]
[archievents.in/wp-content/uploads/2020/10/Picture1.jpg]
[archievents.in/wp-content/uploads/2020/10/5_edited.jpg]
[archievents.in/hospitality-logistics-and-security-services/index.html]
[archievents.in/wp-json/wp/v2/pages/8741.json]
[archievents.in/wp-json/oembed/1.0/embed4ace.json]
[archievents.in/wp-json/oembed/1.0/embed42de]
[archievents.in/wp-content/uploads/2020/10/Indian-Wedding-Photography-TS-showcase-4d8db.jpg]
[archievents.in/photography/instagram]
[archievents.in/photography/google]
[archievents.in/photography/whatsapp]
[archievents.in/photography/facebook-f]
[archievents.in/wp-content/uploads/2020/10/Untitled-design-21.jpg]
[archievents.in/wp-content/uploads/2020/10/0015.jpg]
[archievents.in/wp-content/uploads/2020/10/unnamed-1.jpg]
[archievents.in/photography/index.html]
[archievents.in/wp-json/wp/v2/pages/8064.json]
[archievents.in/wp-json/oembed/1.0/embedd72f.json]
[archievents.in/wp-json/oembed/1.0/embed36a3]
[archievents.in/wp-content/uploads/2020/10/jhiu873bae.jpg]
[archievents.in/catering/instagram]
[archievents.in/catering/google]
[archievents.in/catering/whatsapp]
[archievents.in/catering/facebook-f]
[archievents.in/wp-content/uploads/2020/10/5734142a-8455-42b1-8991-b69ef16048bd_edited-1024x461.jpg]
[archievents.in/wp-content/uploads/2020/10/5734142a-8455-42b1-8991-b69ef16048bd_edited.jpg]
[archievents.in/wp-content/uploads/2020/10/08884295-e735-41e9-bbe4-f7b5f46e7ccc_edited-1024x461.jpg]
[archievents.in/wp-content/uploads/2020/10/08884295-e735-41e9-bbe4-f7b5f46e7ccc_edited.jpg]
[archievents.in/wp-content/uploads/2020/10/0b22e72b-9c75-44a9-b4bc-23dd186cd273_edited.jpg]
[archievents.in/catering/index.html]
[archievents.in/wp-json/wp/v2/pages/8243.json]
[archievents.in/wp-json/oembed/1.0/embed3d90.json]
[archievents.in/wp-json/oembed/1.0/embed43a3]
[archievents.in/wp-content/uploads/2020/10/hgcfd5007.jpg]
[archievents.in/inaugrautions/instagram]
[archievents.in/inaugrautions/google]
[archievents.in/inaugrautions/whatsapp]
[archievents.in/inaugrautions/facebook-f]
[archievents.in/wp-content/uploads/2020/10/DSC_9823_edited-1024x683.jpg]
[archievents.in/wp-content/uploads/2020/10/DSC_9823_edited-1200x700.jpg]
[archievents.in/wp-content/uploads/2020/10/1-6-1000x600.jpg]
[archievents.in/wp-content/uploads/2020/10/DSC_4827_edited-1024x681.jpg]
[archievents.in/wp-content/uploads/2020/10/DSC_4827_edited-1200x700.jpg]
[archievents.in/inaugrautions/index.html]
[archievents.in/wp-json/wp/v2/pages/8028.json]
[archievents.in/wp-json/oembed/1.0/embede1eb.json]
[archievents.in/wp-json/oembed/1.0/embed4bda]
[archievents.in/wp-content/uploads/2020/10/Project-Scope-Management-Cover1_c773b9592daff52b275e17a50f57cf443898.jpg]
[archievents.in/strong-management/instagram]
[archievents.in/strong-management/google]
[archievents.in/strong-management/whatsapp]
[archievents.in/strong-management/facebook-f]
[archievents.in/wp-content/uploads/2020/10/DSC_0351_edited-min-1-2_de9199896cfad75f8037cf63c9dfd204.jpg]
[archievents.in/wp-content/uploads/2020/10/SAN_3380_edited-750x450_b3801a87e507aa987a4b697a8ada5d8b.jpg]
[archievents.in/wp-content/uploads/2020/10/IMG_6341-min-1536x1024-1_badce6dfefb8abe6376ad60f798a7bfb.jpg]
[archievents.in/wp-content/uploads/2020/10/100ce8ef-a524-49b3-8a03-48e61c008e9e_edited-3_8f63d53a56500cf441aae91106b0864b.jpg]
[archievents.in/strong-management/index.html]
[archievents.in/wp-json/wp/v2/pages/5766.json]
[archievents.in/wp-json/oembed/1.0/embed18a6.json]
[archievents.in/wp-json/oembed/1.0/embeddd73]
[archievents.in/wp-content/uploads/2020/11/bigstock-hands-holding-pieces-of-a-puzz-498910589973.jpg]
[archievents.in/general-queries/instagram]
[archievents.in/general-queries/google]
[archievents.in/general-queries/whatsapp]
[archievents.in/general-queries/facebook-f]
[archievents.in/general-queries/index.html]
[archievents.in/wp-json/wp/v2/pages/7884.json]
[archievents.in/wp-json/oembed/1.0/embed179e.json]
[archievents.in/wp-json/oembed/1.0/embed5a98]
[archievents.in/wp-content/uploads/2020/10/119627-white-and-gold-abstract-background-image_e981a6ee6122417ce7a70d968c666482-11e3e.jpg]
[archievents.in/contact-us/instagram]
[archievents.in/contact-us/google]
[archievents.in/contact-us/whatsapp]
[archievents.in/contact-us/facebook-f]
[archievents.in/contact-us/index.html]
[archievents.in/pages__trashed/about-us/index.html]
[archievents.in/pages/birthday-celebration/index.html]
[archievents.in/pages/catering/index.html]
[archievents.in/pages/services/index.html]
[archievents.in/wp-content/plugins/js_composer/assets/lib/vendor/node_modules/animate.css/animate.min7035.css]
[archievents.in/wp-content/plugins/js_composer/assets/lib/vendor/node_modules/nivo-slider/nivo-slider.min7035.css]
[archievents.in/wp-content/plugins/js_composer/assets/lib/vendor/node_modules/nivo-slider/themes/default/loading.gif]
[archievents.in/wp-content/plugins/js_composer/assets/lib/vendor/node_modules/nivo-slider/themes/default/bullets.png]
[archievents.in/wp-content/plugins/js_composer/assets/lib/vendor/node_modules/nivo-slider/themes/default/arrows.png]
[archievents.in/wp-content/plugins/js_composer/assets/lib/vendor/node_modules/nivo-slider/themes/default/default.min7035.css]
[archievents.in/wp-content/plugins/js_composer/assets/lib/vendor/node_modules/lightbox2/dist/images/loading.gif]
[archievents.in/wp-content/plugins/js_composer/assets/lib/vendor/node_modules/lightbox2/dist/css/lightbox.min7035.css]
[archievents.in/wp-content/plugins/js_composer/assets/lib/vc/vc_carousel/css/vc_carousel.min7035.css]
[archievents.in/wp-content/plugins/revslider/sr6/assets/fonts/revicons/revicons90c6.eot]
[archievents.in/wp-content/plugins/revslider/sr6/assets/fonts/revicons/revicons90c6.woff]
[archievents.in/wp-content/plugins/revslider/sr6/assets/fonts/revicons/revicons90c6.ttf]
[archievents.in/wp-content/plugins/revslider/sr6/assets/assets/gridtile.png]
[archievents.in/wp-content/plugins/revslider/sr6/assets/assets/gridtile_white.png]
[archievents.in/wp-content/plugins/revslider/sr6/assets/assets/gridtile_3x3.png]
[archievents.in/wp-content/plugins/revslider/sr6/assets/assets/gridtile_3x3_white.png]
[archievents.in/wp-content/plugins/revslider/sr6/assets/assets/coloredbg.png]
[archievents.in/wp-content/plugins/revslider/sr6/assets/assets/loader.gif]
[archievents.in/wp-content/plugins/revslider/sr6/assets/css/rs6efd5.css]
[archievents.in/wp-content/plugins/revslider/sr6/assets/js/rs6.minefd5.js]
[archievents.in/wp-content/themes/ekko/core/assets/js/bootstrap.mindc8c.js]
[archievents.in/wp-content/themes/ekko/core/assets/js/SmoothScrolldc8c.js]
[archievents.in/wp-content/themes/ekko/core/assets/js/scriptsdc8c.js]
[archievents.in/wp-content/plugins/js_composer/assets/js/dist/js_composer_front.min7035.js]
[archievents.in/wp-content/plugins/js_composer/assets/lib/vc/vc_waypoints/vc-waypoints.min7035.js]
[archievents.in/wp-content/plugins/js_composer/assets/lib/vendor/node_modules/nivo-slider/jquery.nivo.slider.pack7035.js]
[archievents.in/wp-content/plugins/js_composer/assets/lib/vendor/node_modules/lightbox2/dist/js/lightbox.min7035.js]
[archievents.in/wp-content/plugins/wpforms-lite/assets/lib/jquery.validate.min3c17.js]
[archievents.in/wp-content/plugins/wpforms-lite/assets/js/frontend/wpforms.mine4b2.js]
[archievents.in/wp-content/plugins/wpforms-lite/assets/lib/mailcheck.mincfa9.js]
[archievents.in/wp-content/plugins/wpforms-lite/assets/js/share/utils.mine4b2.js]
[archievents.in/wp-content/plugins/wpforms-lite/assets/lib/punycode.min8a54.js]
[archievents.in/wp-content/plugins/wpforms-lite/assets/js/frontend/fields/address.mine4b2.js]
[archievents.in/wp-content/themes/ekko/images/arrow-down.png]
[archievents.in/wp-content/themes/ekko/images/hover-arrow.png]
[archievents.in/wp-content/themes/ekko/images/grabbing.png]
[archievents.in/wp-content/themes/ekko/core/assets/images/icons/select-arrow.png]
[archievents.in/wp-content/plugins/keydesign-addon/assets/img/section-bg.jpg]
[archievents.in/wp-content/plugins/keydesign-addon/assets/img/share.png]
[archievents.in/wp-content/plugins/keydesign-addon/assets/img/long-shadow.png]
[archievents.in/wp-content/plugins/wpforms-lite/assets/pro/images/times-solid-white.svg]
[archievents.in/wp-content/themes/ekko/core/assets/fonts/ekko-font.eot]
[archievents.in/wp-content/themes/ekko/core/assets/fonts/ekko-font.woff]
[archievents.in/wp-content/plugins/keydesign-addon/assets/img/photoswipe/preloader.gif]
[archievents.in/wp-content/plugins/keydesign-addon/assets/img/photoswipe/default-skin.png]
[archievents.in/wp-content/themes/ekko/core/assets/fonts/ekko-font.ttf]
[archievents.in/wp-content/plugins/js_composer/assets/vc/alert.png]
[archievents.in/wp-content/plugins/js_composer/assets/vc/info.png]
[archievents.in/wp-content/plugins/js_composer/assets/vc/tick.png]
[archievents.in/wp-content/plugins/js_composer/assets/vc/exclamation.png]
[archievents.in/wp-content/plugins/js_composer/assets/images/icons/address-book.png]
[archievents.in/wp-content/plugins/js_composer/assets/images/icons/alarm-clock.png]
[archievents.in/wp-content/plugins/js_composer/assets/images/icons/anchor.png]
[archievents.in/wp-content/plugins/js_composer/assets/images/icons/application-image.png]
[archievents.in/wp-content/plugins/js_composer/assets/images/icons/arrow.png]
[archievents.in/wp-content/plugins/js_composer/assets/images/icons/asterisk.png]
[archievents.in/wp-content/plugins/js_composer/assets/images/icons/auction-hammer.png]
[archievents.in/wp-content/plugins/js_composer/assets/images/icons/balloon.png]
[archievents.in/wp-content/plugins/js_composer/assets/images/icons/balloon-facebook.png]
[archievents.in/wp-content/plugins/js_composer/assets/images/icons/balloon-twitter.png]
[archievents.in/wp-content/plugins/js_composer/assets/images/icons/battery-full.png]
[archievents.in/wp-content/plugins/js_composer/assets/images/icons/balloon-buzz.png]
[archievents.in/wp-content/plugins/js_composer/assets/images/icons/binocular.png]
[archievents.in/wp-content/plugins/js_composer/assets/images/icons/blue-document-excel.png]
[archievents.in/wp-content/plugins/js_composer/assets/images/icons/blue-document-image.png]
[archievents.in/wp-content/plugins/js_composer/assets/images/icons/blue-document-music.png]
[archievents.in/wp-content/plugins/js_composer/assets/images/icons/blue-document-office.png]
[archievents.in/wp-content/plugins/js_composer/assets/images/icons/blue-document-powerpoint.png]
[archievents.in/wp-content/plugins/js_composer/assets/images/icons/blue-document-pdf.png]
[archievents.in/wp-content/plugins/js_composer/assets/images/icons/blue-document-word.png]
[archievents.in/wp-content/plugins/js_composer/assets/images/icons/bookmark.png]
[archievents.in/wp-content/plugins/js_composer/assets/images/icons/camcorder.png]
[archievents.in/wp-content/plugins/js_composer/assets/images/icons/camera.png]
[archievents.in/wp-content/plugins/js_composer/assets/images/icons/chart.png]
[archievents.in/wp-content/plugins/js_composer/assets/images/icons/chart-pie.png]
[archievents.in/wp-content/plugins/js_composer/assets/images/icons/fire.png]
[archievents.in/wp-content/plugins/js_composer/assets/images/icons/clock.png]
[archievents.in/wp-content/plugins/js_composer/assets/images/icons/control.png]
[archievents.in/wp-content/plugins/js_composer/assets/images/icons/heart.png]
[archievents.in/wp-content/plugins/js_composer/assets/images/icons/plus-shield.png]
[archievents.in/wp-content/plugins/js_composer/assets/images/icons/mail.png]
[archievents.in/wp-content/plugins/js_composer/assets/images/icons/video.png]
[archievents.in/wp-content/plugins/js_composer/assets/fonts/vc_icons_v3/fonts/vcpb-plugin-iconscd4b.eot]
[archievents.in/wp-content/plugins/js_composer/assets/fonts/vc_icons_v3/fonts/vcpb-plugin-iconscd4b.ttf]
[archievents.in/wp-content/plugins/js_composer/assets/fonts/vc_icons_v3/fonts/vcpb-plugin-iconscd4b.woff]
[archievents.in/wp-content/plugins/js_composer/assets/images/toggle_open.png]
[archievents.in/wp-content/plugins/js_composer/assets/images/toggle_close.png]
[archievents.in/wp-content/plugins/js_composer/assets/images/flickr.png]
[archievents.in/wp-content/plugins/js_composer/assets/fonts/vc_grid/vc_grid_v157a1.eot]
[archievents.in/wp-content/plugins/js_composer/assets/fonts/vc_grid/vc_grid_v157a1.woff]
[archievents.in/wp-content/plugins/js_composer/assets/fonts/vc_grid/vc_grid_v1d41d.eot]
[archievents.in/wp-content/plugins/js_composer/assets/fonts/vc_grid/vc_grid_v157a1.ttf]
[archievents.in/wp-content/plugins/keydesign-addon/assets/css/fonts/fa-brands-400.eot]
[archievents.in/wp-content/plugins/keydesign-addon/assets/css/fonts/fa-brands-400d41d.eot]
[archievents.in/wp-content/plugins/js_composer/assets/images/spinner.gif]
[archievents.in/wp-content/plugins/js_composer/assets/vc/remove.png]
[archievents.in/wp-content/plugins/keydesign-addon/assets/css/fonts/fa-brands-400.woff2]
[archievents.in/wp-content/plugins/keydesign-addon/assets/css/fonts/fa-brands-400.ttf]
[archievents.in/wp-content/plugins/keydesign-addon/assets/css/fonts/fa-regular-400d41d.eot]
[archievents.in/wp-content/plugins/keydesign-addon/assets/css/fonts/fa-regular-400.woff2]
[archievents.in/wp-content/plugins/keydesign-addon/assets/css/fonts/fa-regular-400.woff]
[archievents.in/wp-content/plugins/keydesign-addon/assets/css/fonts/fa-regular-400.ttf]
[archievents.in/wp-content/plugins/keydesign-addon/assets/css/fonts/fa-solid-900.eot]
[archievents.in/wp-content/plugins/keydesign-addon/assets/css/fonts/fa-solid-900d41d.eot]
[archievents.in/wp-content/plugins/keydesign-addon/assets/css/fonts/fa-solid-900.woff2]
[archievents.in/wp-content/plugins/keydesign-addon/assets/css/fonts/fa-solid-900.woff]
[archievents.in/wp-content/plugins/keydesign-addon/assets/css/fonts/fa-solid-900.ttf]
[archievents.in/wp-json/wp/v2/pages/7529]
[archievents.in/wp-content/uploads/2020/10/52-Mehandi_edited-min1-min-scaled6d6e.jpg]
[archievents.in/wp-json/oembed/1.0/embedd3ab]
[archievents.in/wp-json/oembed/1.0/embedb374]
[archievents.in/about-us/instagram]
[archievents.in/about-us/google]
[archievents.in/wp-content/uploads/2020/10/ff0bbb239e46b046f11645ef11eede48_edited-450x350_ed18281fbd3ce77ffabaa95ccb25a992.jpg]
[archievents.in/about-us/whatsapp]
[archievents.in/wp-content/uploads/2020/10/49-H-1-450x350_609d8e7f85cd922a8b3f09e128e00138.jpg]
[archievents.in/wp-content/uploads/2020/10/73497490_560902484710728_3927035151310723795_n_edi_25cb54be78f2f247f7e95067a2bf2c04.jpg]
[archievents.in/about-us/facebook-f]
[archievents.in/wp-content/uploads/2020/10/Khandelwal_3c4df27874cc7a106013024f43eae149-1_304ea7811551e5131c620e7fccf92be1.png]
[archievents.in/wp-content/uploads/2020/10/Liftwell_4818fc292eeda8dad291cada52b223d4-1_3516aa0cfc68d25044c9e82cb8ed6b8d.png]
[archievents.in/wp-content/uploads/2020/10/LUX_ee4bd7e5fe8f27ee6bba8c0352b617e7-1_657f623706c38d9e523544c8237e1928.png]
[archievents.in/wp-content/uploads/2020/10/LT_ae1527a67eb889364bc014a1efcca2b6-1_496413a0d3673e32c695593cd2616475.png]
[archievents.in/wp-content/uploads/2020/10/mahatma-Gandhi_5937e48e300b36d6bea095bbdca89016-1_c146d1846c36bf23b5dcd53fe17246db.png]
[archievents.in/wp-content/uploads/2020/10/Mahindra_5c4d1d1308e184889edf683a0eded015-1_3b3e585f135049854e7f5bdacbc87edb.png]
[archievents.in/wp-content/uploads/2020/10/MNIT_28755bbf9086a1993e1a5b1fd6ae7e9c-1_9306b226215e57e35238b821a2452e9a.png]
[archievents.in/wp-content/uploads/2020/10/NPP_6796ce344a57a6f6ffc33149d38f3e88-1_065509ee6585bdffb3eb61088234b940.png]
[archievents.in/pages__trashed/contact-us/index.html]
[archievents.in/wp-content/plugins/keydesign-addon/assets/css/iconsmind/fonts/Design.ttf]
[archievents.in/wp-content/plugins/keydesign-addon/assets/css/iconsmind/fonts/Design.woff]
[archievents.in/wp-content/plugins/keydesign-addon/assets/css/iconsmind/iconsmind-Design6c2d.css]
[archievents.in/index491c.html]
[archievents.in/services/instagram.html]
[archievents.in/services/google.html]
[archievents.in/services/whatsapp.html]
[archievents.in/services/facebook-f.html]
[archievents.in/pages/contact-minimal-final-2/index.html]
[archievents.in/index233e.html]
[archievents.in/weddings/instagram.html]
[archievents.in/weddings/google.html]
[archievents.in/weddings/whatsapp.html]
[archievents.in/weddings/facebook-f.html]
[archievents.in/index52c0.html]
[archievents.in/corporate-event/instagram.html]
[archievents.in/corporate-event/google.html]
[archievents.in/corporate-event/whatsapp.html]
[archievents.in/corporate-event/facebook-f.html]
[archievents.in/index4987.html]
[archievents.in/social-event/instagram.html]
[archievents.in/social-event/google.html]
[archievents.in/social-event/whatsapp.html]
[archievents.in/social-event/facebook-f.html]
[archievents.in/index585d.html]
[archievents.in/political-events/instagram.html]
[archievents.in/political-events/google.html]
[archievents.in/political-events/whatsapp.html]
[archievents.in/political-events/facebook-f.html]
[archievents.in/index93de.html]
[archievents.in/sangeet/instagram.html]
[archievents.in/sangeet/google.html]
[archievents.in/sangeet/whatsapp.html]
[archievents.in/sangeet/facebook-f.html]
[archievents.in/index2663.html]
[archievents.in/mehandi/instagram.html]
[archievents.in/mehandi/google.html]
[archievents.in/mehandi/whatsapp.html]
[archievents.in/mehandi/facebook-f.html]
[archievents.in/index22bb.html]
[archievents.in/marriage-anniversary/instagram.html]
[archievents.in/marriage-anniversary/google.html]
[archievents.in/marriage-anniversary/whatsapp.html]
[archievents.in/marriage-anniversary/facebook-f.html]
[archievents.in/index3cdc.html]
[archievents.in/birthday-celebration/instagram.html]
[archievents.in/birthday-celebration/google.html]
[archievents.in/birthday-celebration/whatsapp.html]
[archievents.in/birthday-celebration/facebook-f.html]
[archievents.in/index8fb0.html]
[archievents.in/retirement-party/instagram.html]
[archievents.in/retirement-party/google.html]
[archievents.in/retirement-party/whatsapp.html]
[archievents.in/retirement-party/facebook-f.html]
[archievents.in/indexcf08.html]
[archievents.in/hospitality-logistics-and-security-services/instagram.html]
[archievents.in/hospitality-logistics-and-security-services/google.html]
[archievents.in/hospitality-logistics-and-security-services/whatsapp.html]
[archievents.in/hospitality-logistics-and-security-services/facebook-f.html]
[archievents.in/index6c60.html]
[archievents.in/photography/instagram.html]
[archievents.in/photography/google.html]
[archievents.in/photography/whatsapp.html]
[archievents.in/photography/facebook-f.html]
[archievents.in/index609a.html]
[archievents.in/catering/instagram.html]
[archievents.in/catering/google.html]
[archievents.in/catering/whatsapp.html]
[archievents.in/catering/facebook-f.html]
[archievents.in/index0f8e.html]
[archievents.in/inaugrautions/instagram.html]
[archievents.in/inaugrautions/google.html]
[archievents.in/inaugrautions/whatsapp.html]
[archievents.in/inaugrautions/facebook-f.html]
[archievents.in/indexc6f7.html]
[archievents.in/strong-management/instagram.html]
[archievents.in/strong-management/google.html]
[archievents.in/strong-management/whatsapp.html]
[archievents.in/strong-management/facebook-f.html]
[archievents.in/index49b5.html]
[archievents.in/general-queries/instagram.html]
[archievents.in/general-queries/google.html]
[archievents.in/general-queries/whatsapp.html]
[archievents.in/general-queries/facebook-f.html]
[archievents.in/index9da6.html]
[archievents.in/contact-us/instagram.html]
[archievents.in/contact-us/google.html]
[archievents.in/contact-us/whatsapp.html]
[archievents.in/contact-us/facebook-f.html]
[archievents.in/wp-content/plugins/revslider/sr6/assets/fonts/revicons/revicons90c6.svg]
[archievents.in/wp-content/plugins/revslider/sr6/assets/css/openhand.html]
[archievents.in/wp-content/plugins/revslider/sr6/assets/css/closedhand.html]
[archievents.in/wp-content/themes/ekko/images/grabbing.png]
[archievents.in/wp-content/themes/ekko/images/arrow-down.png]
[archievents.in/wp-content/themes/ekko/images/hover-arrow.png]
[archievents.in/wp-content/themes/ekko/core/assets/images/contact-loader.svg]
[archievents.in/wp-content/plugins/keydesign-addon/assets/img/photoswipe/default-skin.svg]
[archievents.in/wp-content/plugins/wpforms-lite/assets/pro/images/times-solid-white.svg]
[archievents.in/wp-content/plugins/js_composer/assets/fonts/vc_icons_v3/fonts/vcpb-plugin-iconscd4b.svg]
[archievents.in/wp-content/plugins/js_composer/assets/fonts/vc_grid/vc_grid_v157a1.svg]
[archievents.in/wp-content/plugins/js_composer/assets/lib/vc/vc_carousel/js/vc_carousel.min7035.js]
[archievents.in/wp-content/plugins/keydesign-addon/assets/css/fonts/fa-brands-400.woff]
[archievents.in/wp-content/plugins/keydesign-addon/assets/css/fonts/fa-regular-400.eot]
[archievents.in/wp-content/plugins/keydesign-addon/assets/css/fonts/fa-regular-400.svg]
[archievents.in/wp-content/plugins/js_composer/assets/lib/vc/vc_carousel/js/transition.min7035.js]
[archievents.in/wp-content/plugins/keydesign-addon/assets/css/fonts/fa-solid-900.svg]
[archievents.in/index639c.html]
[archievents.in/about-us/instagram]
[archievents.in/about-us/google]
[archievents.in/about-us/whatsapp]
[archievents.in/about-us/facebook-f]
[assets.livecall.io/accounts/11016/widget.js]
[archievents.in/wp-content/plugins/keydesign-addon/assets/css/fonts/fa-brands-400.svg]
